b"Chet was added.\nThey are player number 1.\nMin number of players is 2.\nPat was added.\nThey are player number 2.\nSue was added.\nThey are player number 3.\nWill was added.\nThey are player number 4.\nJane was added.\nThey are player number 5.\nDick was added.\nThey are player number 6.\nMax number of players is 6.\nChet is the current player.\nThey have rolled a 1.\nChet's new location is 1.\nThe category is Science.\nScience Question 0.\nAnswer was correct!!!!\nChet now has 1 Gold Coins.\nPat is the current player.\nThey have rolled a 1.\nPat's new location is 1.\nThe category is Science.\nScience Question 1.\nAnswer was correct!!!!\nPat now has 1 Gold Coins.\nSue is the current player.\nThey have rolled a 5.\nSue's new location is 5.\nThe category is Science.\nScience Question 2.\nAnswer was correct!!!!\nSue now has 1 Gold Coins.\nWill is the current player.\nThey have rolled a 5.\nWill's new location is 5.\nThe category is Science.\nScience Question 3.\nAnswer was correct!!!!\nWill now has 1 Gold Coins.\nJane is the current player.\nThey have rolled a 4.\nJane's new location is 4.\nThe category is Pop.\nPop Question 0.\nAnswer was correct!!!!\nJane now has 1 Gold Coins.\nDick is the current player.\nThey have rolled a 5.\nDick's new location is 5.\nThe category is Science.\nScience Question 4.\nQuestion was incorrectly answered.\nDick was sent to the penalty box.\nChet is the current player.\nThey have rolled a 4.\nChet's new location is 5.\nThe category is Science.\nScience Question 5.\nAnswer was correct!!!!\nChet now has 2 Gold Coins.\nPat is the current player.\nThey have rolled a 3.\nPat's new location is 4.\nThe category is Pop.\nPop Question 1.\nAnswer was correct!!!!\nPat now has 2 Gold Coins.\nSue is the current player.\nThey have rolled a 2.\nSue's new location is 7.\nThe category is Rock.\nRock Question 0.\nAnswer was correct!!!!\nSue now has 2 Gold Coins.\nWill is the current player.\nThey have rolled a 1.\nWill's new location is 6.\nThe category is Sports.\nSports Question 0.\nQuestion was incorrectly answered.\nWill was sent to the penalty box.\nJane is the current player.\nThey have rolled a 1.\nJane's new location is 5.\nThe category is Science.\nScience Question 6.\nAnswer was correct!!!!\nJane now has 2 Gold Coins.\nDick is the current player.\nThey have rolled a 4.\nDick is not getting out of the penalty box.\nChet is the current player.\nThey have rolled a 5.\nChet's new location is 10.\nThe category is Sports.\nSports Question 1.\nQuestion was incorrectly answered.\nChet was sent to the penalty box.\nPat is the current player.\nThey have rolled a 5.\nPat's new location is 9.\nThe category is Science.\nScience Question 7.\nAnswer was correct!!!!\nPat now has 3 Gold Coins.\nSue is the current player.\nThey have rolled a 1.\nSue's new location is 8.\nThe category is Pop.\nPop Question 2.\nAnswer was correct!!!!\nSue now has 3 Gold Coins.\nWill is the current player.\nThey have rolled a 4.\nWill is not getting out of the penalty box.\nJane is the current player.\nThey have rolled a 1.\nJane's new location is 6.\nThe category is Sports.\nSports Question 2.\nAnswer was correct!!!!\nJane now has 3 Gold Coins.\nDick is the current player.\nThey have rolled a 4.\nDick is not getting out of the penalty box.\nChet is the current player.\nThey have rolled a 5.\nChet is getting out of the penalty box.\nChet's new location is 3.\nThe category is Rock.\nRock Question 1.\nAnswer was correct!!!!\nChet now has 3 Gold Coins.\nPat is the current player.\nThey have rolled a 1.\nPat's new location is 10.\nThe category is Sports.\nSports Question 3.\nAnswer was correct!!!!\nPat now has 4 Gold Coins.\nSue is the current player.\nThey have rolled a 1.\nSue's new location is 9.\nThe category is Science.\nScience Question 8.\nAnswer was correct!!!!\nSue now has 4 Gold Coins.\nWill is the current player.\nThey have rolled a 1.\nWill is getting out of the penalty box.\nWill's new location is 7.\nThe category is Rock.\nRock Question 2.\nAnswer was correct!!!!\nWill now has 2 Gold Coins.\nJane is the current player.\nThey have rolled a 3.\nJane's new location is 9.\nThe category is Science.\nScience Question 9.\nAnswer was correct!!!!\nJane now has 4 Gold Coins.\nDick is the current player.\nThey have rolled a 1.\nDick is getting out of the penalty box.\nDick's new location is 6.\nThe category is Sports.\nSports Question 4.\nQuestion was incorrectly answered.\nDick was sent to the penalty box.\nChet is the current player.\nThey have rolled a 4.\nChet's new location is 7.\nThe category is Rock.\nRock Question 3.\nAnswer was correct!!!!\nChet now has 4 Gold Coins.\nPat is the current player.\nThey have rolled a 1.\nPat's new location is 11.\nThe category is Rock.\nRock Question 4.\nAnswer was correct!!!!\nPat now has 5 Gold Coins.\nSue is the current player.\nThey have rolled a 2.\nSue's new location is 11.\nThe category is Rock.\nRock Question 5.\nAnswer was correct!!!!\nSue now has 5 Gold Coins.\nWill is the current player.\nThey have rolled a 3.\nWill's new location is 10.\nThe category is Sports.\nSports Question 5.\nAnswer was correct!!!!\nWill now has 3 Gold Coins.\nJane is the current player.\nThey have rolled a 4.\nJane's new location is 1.\nThe category is Science.\nScience Question 10.\nAnswer was correct!!!!\nJane now has 5 Gold Coins.\nDick is the current player.\nThey have rolled a 5.\nDick is getting out of the penalty box.\nDick's new location is 11.\nThe category is Rock.\nRock Question 6.\nAnswer was correct!!!!\nDick now has 1 Gold Coins.\nChet is the current player.\nThey have rolled a 1.\nChet's new location is 8.\nThe category is Pop.\nPop Question 3.\nAnswer was correct!!!!\nChet now has 5 Gold Coins.\nPat is the current player.\nThey have rolled a 3.\nPat's new location is 2.\nThe category is Sports.\nSports Question 6.\nAnswer was correct!!!!\nPat now has 6 Gold Coins.\nSue is the current player.\nThey have rolled a 2.\nSue's new location is 1.\nThe category is Science.\nScience Question 11.\nAnswer was correct!!!!\nSue now has 6 Gold Coins.\nWill is the current player.\nThey have rolled a 3.\nWill's new location is 1.\nThe category is Science.\nScience Question 12.\nAnswer was correct!!!!\nWill now has 4 Gold Coins.\nJane is the current player.\nThey have rolled a 2.\nJane's new location is 3.\nThe category is Rock.\nRock Question 7.\nAnswer was correct!!!!\nJane now has 6 Gold Coins.\nDick is the current player.\nThey have rolled a 1.\nDick's new location is 0.\nThe category is Pop.\nPop Question 4.\nAnswer was correct!!!!\nDick now has 2 Gold Coins.\nChet is the current player.\nThey have rolled a 4.\nChet's new location is 0.\nThe category is Pop.\nPop Question 5.\nAnswer was correct!!!!\nChet now has 6 Gold Coins.\nPat is the current player.\nThey have rolled a 3.\nPat's new location is 5.\nThe category is Science.\nScience Question 13.\nAnswer was correct!!!!\nPat now has 7 Gold Coins.\nSue is the current player.\nThey have rolled a 5.\nSue's new location is 6.\nThe category is Sports.\nSports Question 7.\nAnswer was correct!!!!\nSue now has 7 Gold Coins.\nWill is the current player.\nThey have rolled a 5.\nWill's new location is 6.\nThe category is Sports.\nSports Question 8.\nAnswer was correct!!!!\nWill now has 5 Gold Coins.\nJane is the current player.\nThey have rolled a 3.\nJane's new location is 6.\nThe category is Sports.\nSports Question 9.\nAnswer was correct!!!!\nJane now has 7 Gold Coins.\nDick is the current player.\nThey have rolled a 4.\nDick's new location is 4.\nThe category is Pop.\nPop Question 6.\nAnswer was correct!!!!\nDick now has 3 Gold Coins.\nChet is the current player.\nThey have rolled a 2.\nChet's new location is 2.\nThe category is Sports.\nSports Question 10.\nAnswer was correct!!!!\nChet now has 7 Gold Coins.\nPat is the current player.\nThey have rolled a 2.\nPat's new location is 7.\nThe category is Rock.\nRock Question 8.\nAnswer was correct!!!!\nPat now has 8 Gold Coins.\nPat has won!!\n"
